Watching for file changes with StatReloader
Performing system checks...

System check identified no issues (0 silenced).
February 04, 2026 - 11:34:15
Django version 6.0, using settings 'cid.settings'
Starting development server at http://127.0.0.1:60000/
Quit the server with CONTROL-C.

WARNING: This is a development server. Do not use it in a production setting. Use a production WSGI or ASGI server instead.
For more information on production servers see: https://docs.djangoproject.com/en/6.0/howto/deployment/
Watching for file changes with StatReloader
[04/Feb/2026 11:47:37] "GET / HTTP/1.1" 200 7886
Not Found: /favicon.ico
[04/Feb/2026 11:47:38] "GET /favicon.ico HTTP/1.1" 404 4996
[04/Feb/2026 11:48:21,208] - Broken pipe from ('87.88.184.253', 7008)
[04/Feb/2026 11:48:21,224] - Broken pipe from ('87.88.184.253', 7014)
[04/Feb/2026 11:48:59] "GET /login/ HTTP/1.1" 200 6846
[04/Feb/2026 11:49:03] "POST /login/ HTTP/1.1" 302 0
[04/Feb/2026 11:49:03] "GET / HTTP/1.1" 200 13643
[04/Feb/2026 11:49:04] "GET /messagerie/api/nb-non-lus/ HTTP/1.1" 200 17
[04/Feb/2026 11:49:17] "GET /mds/ HTTP/1.1" 200 14563
[04/Feb/2026 11:49:17] "GET /messagerie/api/nb-non-lus/ HTTP/1.1" 200 17
[04/Feb/2026 11:49:47] "GET /messagerie/api/nb-non-lus/ HTTP/1.1" 200 17
[04/Feb/2026 11:50:17] "GET /messagerie/api/nb-non-lus/ HTTP/1.1" 200 17
[04/Feb/2026 11:50:47] "GET /messagerie/api/nb-non-lus/ HTTP/1.1" 200 17
[04/Feb/2026 11:50:54,048] - Broken pipe from ('87.88.184.253', 6920)
[04/Feb/2026 11:50:54,057] - Broken pipe from ('87.88.184.253', 7132)
[04/Feb/2026 11:54:32] "GET /messagerie/api/nb-non-lus/ HTTP/1.1" 200 17
[04/Feb/2026 12:01:38] "GET /messagerie/api/nb-non-lus/ HTTP/1.1" 200 17
[04/Feb/2026 12:01:46,230] - Broken pipe from ('87.88.184.253', 6930)
[04/Feb/2026 12:01:46,237] - Broken pipe from ('87.88.184.253', 6926)
[04/Feb/2026 12:01:50] "GET /messagerie/api/nb-non-lus/ HTTP/1.1" 200 17
[04/Feb/2026 12:01:52] "GET / HTTP/1.1" 200 13643
[04/Feb/2026 12:01:52] "GET /messagerie/api/nb-non-lus/ HTTP/1.1" 200 17
[04/Feb/2026 12:02:22] "GET /messagerie/api/nb-non-lus/ HTTP/1.1" 200 17
[04/Feb/2026 12:02:44,325] - Broken pipe from ('87.88.184.253', 7156)
[04/Feb/2026 12:02:44,333] - Broken pipe from ('87.88.184.253', 7142)
[04/Feb/2026 12:08:19] "GET /messagerie/api/nb-non-lus/ HTTP/1.1" 200 17
[04/Feb/2026 12:08:41] "GET /messagerie/api/nb-non-lus/ HTTP/1.1" 200 17
[04/Feb/2026 12:08:48] "GET /mds/ HTTP/1.1" 200 14563
[04/Feb/2026 12:08:49] "GET /messagerie/api/nb-non-lus/ HTTP/1.1" 200 17
[04/Feb/2026 12:08:51] "GET /mds/1/ HTTP/1.1" 200 23637
[04/Feb/2026 12:08:51] "GET /messagerie/api/nb-non-lus/ HTTP/1.1" 200 17
[04/Feb/2026 12:09:21] "GET /messagerie/api/nb-non-lus/ HTTP/1.1" 200 17
[04/Feb/2026 12:09:39,579] - Broken pipe from ('87.88.184.253', 7080)
[04/Feb/2026 12:18:29] "GET /messagerie/api/nb-non-lus/ HTTP/1.1" 200 17
[04/Feb/2026 12:18:42,662] - Broken pipe from ('87.88.184.253', 6950)
[04/Feb/2026 12:18:42,670] - Broken pipe from ('87.88.184.253', 6962)
[04/Feb/2026 12:20:18] "GET /messagerie/api/nb-non-lus/ HTTP/1.1" 200 17
[04/Feb/2026 12:20:19,288] - Broken pipe from ('87.88.184.253', 7052)
[04/Feb/2026 12:20:19,296] - Broken pipe from ('87.88.184.253', 7044)
[04/Feb/2026 12:22:31] "GET /messagerie/api/nb-non-lus/ HTTP/1.1" 200 17
[04/Feb/2026 12:22:32,471] - Broken pipe from ('87.88.184.253', 7130)
[04/Feb/2026 12:23:01] "GET /beneficiaire/ajouter/ HTTP/1.1" 200 19657
[04/Feb/2026 12:23:01] "GET /messagerie/api/nb-non-lus/ HTTP/1.1" 200 17
[04/Feb/2026 12:23:01] "GET /messagerie/api/nb-non-lus/ HTTP/1.1" 200 17
[04/Feb/2026 12:23:07] "GET /beneficiaire/ HTTP/1.1" 200 11337
[04/Feb/2026 12:23:07] "GET /messagerie/api/nb-non-lus/ HTTP/1.1" 200 17
[04/Feb/2026 12:23:11] "GET /beneficiaire/ajouter/ HTTP/1.1" 200 19657
[04/Feb/2026 12:23:11] "GET /messagerie/api/nb-non-lus/ HTTP/1.1" 200 17
[04/Feb/2026 12:23:41] "GET /messagerie/api/nb-non-lus/ HTTP/1.1" 200 17
[04/Feb/2026 12:24:11] "GET /messagerie/api/nb-non-lus/ HTTP/1.1" 200 17
[04/Feb/2026 12:24:52] "GET /messagerie/api/nb-non-lus/ HTTP/1.1" 200 17
[04/Feb/2026 12:25:12] "GET /messagerie/api/nb-non-lus/ HTTP/1.1" 200 17
[04/Feb/2026 12:25:41] "GET /messagerie/api/nb-non-lus/ HTTP/1.1" 200 17
[04/Feb/2026 12:26:02] "GET / HTTP/1.1" 200 13643
[04/Feb/2026 12:26:02] "GET /messagerie/api/nb-non-lus/ HTTP/1.1" 200 17
[04/Feb/2026 12:26:03] "GET /mds/ HTTP/1.1" 200 14563
[04/Feb/2026 12:26:03] "GET /messagerie/api/nb-non-lus/ HTTP/1.1" 200 17
[04/Feb/2026 12:26:05] "GET /mds/1/ HTTP/1.1" 200 23637
[04/Feb/2026 12:26:06] "GET /messagerie/api/nb-non-lus/ HTTP/1.1" 200 17
[04/Feb/2026 12:26:36] "GET /messagerie/api/nb-non-lus/ HTTP/1.1" 200 17
[04/Feb/2026 12:27:06] "GET /messagerie/api/nb-non-lus/ HTTP/1.1" 200 17
[04/Feb/2026 12:27:07,701] - Broken pipe from ('87.88.184.253', 6922)
[04/Feb/2026 12:35:56] "GET /messagerie/api/nb-non-lus/ HTTP/1.1" 200 17
[04/Feb/2026 12:35:58] "GET /mds/1/ HTTP/1.1" 200 23637
[04/Feb/2026 12:35:58] "GET /messagerie/api/nb-non-lus/ HTTP/1.1" 200 17
[04/Feb/2026 12:36:06] "GET /mds/1/salles/ HTTP/1.1" 200 10675
[04/Feb/2026 12:36:07] "GET /messagerie/api/nb-non-lus/ HTTP/1.1" 200 17
[04/Feb/2026 12:36:09] "GET /mds/1/salles/creer/ HTTP/1.1" 200 16027
[04/Feb/2026 12:36:10] "GET /messagerie/api/nb-non-lus/ HTTP/1.1" 200 17
[04/Feb/2026 12:36:32] "POST /mds/1/salles/creer/ HTTP/1.1" 302 0
[04/Feb/2026 12:36:32] "GET /mds/1/salles/ HTTP/1.1" 200 13684
[04/Feb/2026 12:36:33] "GET /messagerie/api/nb-non-lus/ HTTP/1.1" 200 17
[04/Feb/2026 12:36:48,444] - Broken pipe from ('87.88.184.253', 7128)
[04/Feb/2026 12:36:48,444] - Broken pipe from ('87.88.184.253', 7136)
[04/Feb/2026 12:37:23] "GET /messagerie/api/nb-non-lus/ HTTP/1.1" 200 17
[04/Feb/2026 12:37:34] "POST /logout/ HTTP/1.1" 302 0
[04/Feb/2026 12:37:35] "GET / HTTP/1.1" 200 7886
[04/Feb/2026 12:37:37] "GET /login/ HTTP/1.1" 200 6846
[04/Feb/2026 12:38:23] "POST /login/ HTTP/1.1" 200 7375
[04/Feb/2026 12:38:31] "POST /login/ HTTP/1.1" 302 0
[04/Feb/2026 12:38:31] "GET / HTTP/1.1" 200 13643
[04/Feb/2026 12:38:31] "GET /messagerie/api/nb-non-lus/ HTTP/1.1" 200 17
[04/Feb/2026 12:38:37] "GET /admin HTTP/1.1" 301 0
[04/Feb/2026 12:38:38] "GET /admin/ HTTP/1.1" 200 20298
[04/Feb/2026 12:38:38] "GET /static/admin/css/responsive.css HTTP/1.1" 200 16565
[04/Feb/2026 12:38:38] "GET /static/admin/css/base.css HTTP/1.1" 200 22120
[04/Feb/2026 12:38:38] "GET /static/admin/css/dark_mode.css HTTP/1.1" 304 0
[04/Feb/2026 12:38:38] "GET /static/admin/css/nav_sidebar.css HTTP/1.1" 304 0
[04/Feb/2026 12:38:38] "GET /static/admin/css/dashboard.css HTTP/1.1" 304 0
[04/Feb/2026 12:38:38] "GET /static/admin/js/theme.js HTTP/1.1" 304 0
[04/Feb/2026 12:38:38] "GET /static/admin/js/nav_sidebar.js HTTP/1.1" 304 0
[04/Feb/2026 12:38:38] "GET /static/admin/img/icon-addlink.svg HTTP/1.1" 304 0
[04/Feb/2026 12:38:38] "GET /static/admin/img/icon-changelink.svg HTTP/1.1" 304 0
[04/Feb/2026 12:38:47] "GET /admin/core/user/ HTTP/1.1" 200 27889
[04/Feb/2026 12:38:47] "GET /static/admin/js/jquery.init.js HTTP/1.1" 304 0
[04/Feb/2026 12:38:47] "GET /static/admin/js/admin/RelatedObjectLookups.js HTTP/1.1" 304 0
[04/Feb/2026 12:38:47] "GET /static/admin/css/changelists.css HTTP/1.1" 304 0
[04/Feb/2026 12:38:47] "GET /admin/jsi18n/ HTTP/1.1" 200 8634
[04/Feb/2026 12:38:47] "GET /static/admin/js/urlify.js HTTP/1.1" 304 0
[04/Feb/2026 12:38:47] "GET /static/admin/js/vendor/jquery/jquery.js HTTP/1.1" 200 285314
[04/Feb/2026 12:38:47] "GET /static/admin/js/vendor/xregexp/xregexp.js HTTP/1.1" 200 325171
[04/Feb/2026 12:38:48] "GET /static/admin/js/core.js HTTP/1.1" 304 0
[04/Feb/2026 12:38:48] "GET /static/admin/js/actions.js HTTP/1.1" 304 0
[04/Feb/2026 12:38:48] "GET /static/admin/js/prepopulate.js HTTP/1.1" 304 0
[04/Feb/2026 12:38:48] "GET /static/admin/img/icon-yes.svg HTTP/1.1" 304 0
[04/Feb/2026 12:38:48] "GET /static/admin/img/search.svg HTTP/1.1" 304 0
[04/Feb/2026 12:38:48] "GET /static/admin/js/filters.js HTTP/1.1" 304 0
[04/Feb/2026 12:38:48] "GET /static/admin/img/icon-no.svg HTTP/1.1" 304 0
[04/Feb/2026 12:38:48] "GET /static/admin/img/tooltag-add.svg HTTP/1.1" 304 0
[04/Feb/2026 12:38:48] "GET /static/admin/img/icon-viewlink.svg HTTP/1.1" 304 0
[04/Feb/2026 12:38:48] "GET /static/admin/img/sorting-icons.svg HTTP/1.1" 304 0
[04/Feb/2026 12:39:05] "GET /admin/core/user/7/change/ HTTP/1.1" 200 64694
[04/Feb/2026 12:39:05] "GET /static/admin/js/admin/DateTimeShortcuts.js HTTP/1.1" 200 19319
[04/Feb/2026 12:39:05] "GET /static/admin/js/vendor/select2/i18n/fr.js HTTP/1.1" 200 924
[04/Feb/2026 12:39:05] "GET /static/admin/css/vendor/select2/select2.css HTTP/1.1" 200 17358
[04/Feb/2026 12:39:05] "GET /static/admin/css/autocomplete.css HTTP/1.1" 304 0
[04/Feb/2026 12:39:05] "GET /admin/jsi18n/ HTTP/1.1" 200 8634
[04/Feb/2026 12:39:05] "GET /static/admin/css/forms.css HTTP/1.1" 304 0
[04/Feb/2026 12:39:05] "GET /static/admin/js/inlines.js HTTP/1.1" 200 15628
[04/Feb/2026 12:39:05] "GET /static/admin/js/vendor/select2/select2.full.js HTTP/1.1" 200 173566
[04/Feb/2026 12:39:05] "GET /static/admin/js/calendar.js HTTP/1.1" 304 0
[04/Feb/2026 12:39:05] "GET /static/admin/js/SelectFilter2.js HTTP/1.1" 200 15845
[04/Feb/2026 12:39:06] "GET /static/admin/js/autocomplete.js HTTP/1.1" 304 0
[04/Feb/2026 12:39:06] "GET /static/admin/js/SelectBox.js HTTP/1.1" 304 0
[04/Feb/2026 12:39:06] "GET /static/admin/js/prepopulate_init.js HTTP/1.1" 304 0
[04/Feb/2026 12:39:06] "GET /static/admin/css/widgets.css HTTP/1.1" 304 0
[04/Feb/2026 12:39:06] "GET /static/admin/img/icon-deletelink.svg HTTP/1.1" 304 0
[04/Feb/2026 12:39:06] "GET /static/admin/img/icon-unknown.svg HTTP/1.1" 304 0
[04/Feb/2026 12:39:06] "GET /static/admin/js/change_form.js HTTP/1.1" 304 0
[04/Feb/2026 12:39:06] "GET /static/admin/img/selector-icons.svg HTTP/1.1" 304 0
[04/Feb/2026 12:39:06] "GET /static/admin/img/icon-calendar.svg HTTP/1.1" 304 0
[04/Feb/2026 12:39:06] "GET /static/admin/img/icon-clock.svg HTTP/1.1" 304 0
[04/Feb/2026 12:40:01,269] - Broken pipe from ('87.88.184.253', 6968)
[04/Feb/2026 12:40:01,270] - Broken pipe from ('87.88.184.253', 7026)
[04/Feb/2026 12:40:01,277] - Broken pipe from ('87.88.184.253', 7142)
[04/Feb/2026 12:40:01,277] - Broken pipe from ('87.88.184.253', 7012)
[04/Feb/2026 12:40:01,278] - Broken pipe from ('87.88.184.253', 7018)
[04/Feb/2026 12:40:01,278] - Broken pipe from ('87.88.184.253', 7022)
[04/Feb/2026 12:41:26] "GET /admin/core/user/7/password/ HTTP/1.1" 200 20075
[04/Feb/2026 12:41:26] "GET /static/admin/css/unusable_password_field.css HTTP/1.1" 200 663
[04/Feb/2026 12:42:02] "POST /admin/core/user/7/password/ HTTP/1.1" 302 0
[04/Feb/2026 12:42:02] "GET /admin/core/user/7/change/ HTTP/1.1" 200 64834
[04/Feb/2026 12:42:02] "GET /admin/jsi18n/ HTTP/1.1" 200 8634
[04/Feb/2026 12:42:21] "GET / HTTP/1.1" 200 13643
[04/Feb/2026 12:42:21] "GET /messagerie/api/nb-non-lus/ HTTP/1.1" 200 17
[04/Feb/2026 12:42:23] "POST /logout/ HTTP/1.1" 302 0
[04/Feb/2026 12:42:23] "GET / HTTP/1.1" 200 7886
[04/Feb/2026 12:42:34] "GET /login/ HTTP/1.1" 200 6846
[04/Feb/2026 12:43:01] "POST /login/ HTTP/1.1" 200 7375
[04/Feb/2026 12:43:34,609] - Broken pipe from ('87.88.184.253', 7080)
[04/Feb/2026 12:43:34,610] - Broken pipe from ('87.88.184.253', 7070)
[04/Feb/2026 13:41:35] "POST /login/ HTTP/1.1" 200 7375
[04/Feb/2026 13:41:52] "POST /login/ HTTP/1.1" 302 0
[04/Feb/2026 13:41:52] "GET / HTTP/1.1" 200 13643
[04/Feb/2026 13:41:52] "GET /messagerie/api/nb-non-lus/ HTTP/1.1" 200 17
[04/Feb/2026 13:41:57] "GET /mds/ HTTP/1.1" 200 14572
[04/Feb/2026 13:41:58] "GET /messagerie/api/nb-non-lus/ HTTP/1.1" 200 17
[04/Feb/2026 13:42:00] "GET /mds/1/ HTTP/1.1" 200 23637
[04/Feb/2026 13:42:00] "GET /messagerie/api/nb-non-lus/ HTTP/1.1" 200 17
[04/Feb/2026 13:42:13] "GET /mds/1/utilisateurs/ HTTP/1.1" 200 29107
[04/Feb/2026 13:42:13] "GET /messagerie/api/nb-non-lus/ HTTP/1.1" 200 17
[04/Feb/2026 13:42:22] "GET /mds/1/utilisateurs/7/modifier/ HTTP/1.1" 200 17769
[04/Feb/2026 13:42:23] "GET /messagerie/api/nb-non-lus/ HTTP/1.1" 200 17
[04/Feb/2026 13:42:47,367] - Broken pipe from ('87.88.184.253', 6956)
[04/Feb/2026 13:42:47,383] - Broken pipe from ('87.88.184.253', 6948)
[04/Feb/2026 13:42:53] "GET /messagerie/api/nb-non-lus/ HTTP/1.1" 200 17
[04/Feb/2026 13:43:23] "GET /messagerie/api/nb-non-lus/ HTTP/1.1" 200 17
[04/Feb/2026 13:43:53] "GET /messagerie/api/nb-non-lus/ HTTP/1.1" 200 17
[04/Feb/2026 14:09:28,158] - Broken pipe from ('87.88.184.253', 6930)
[04/Feb/2026 14:09:28] "GET /messagerie/api/nb-non-lus/ HTTP/1.1" 200 17
[04/Feb/2026 14:09:41] "GET /admin HTTP/1.1" 301 0
[04/Feb/2026 14:09:41] "GET /admin/ HTTP/1.1" 200 20688
[04/Feb/2026 14:09:43] "GET /admin/ HTTP/1.1" 200 20688
[04/Feb/2026 14:09:46] "GET /admin/core/user/ HTTP/1.1" 200 27889
[04/Feb/2026 14:09:46] "GET /admin/jsi18n/ HTTP/1.1" 200 8634
[04/Feb/2026 14:09:53] "GET /admin/core/user/7/change/ HTTP/1.1" 200 64694
[04/Feb/2026 14:09:53] "GET /admin/jsi18n/ HTTP/1.1" 200 8634
[04/Feb/2026 14:10:00] "GET /admin/core/user/7/password/ HTTP/1.1" 200 20075
[04/Feb/2026 14:10:11] "GET /static/admin/img/icon-alert.svg HTTP/1.1" 200 504
[04/Feb/2026 14:10:16] "POST /admin/core/user/7/password/ HTTP/1.1" 302 0
[04/Feb/2026 14:10:16] "GET /admin/core/user/7/change/ HTTP/1.1" 200 64651
[04/Feb/2026 14:10:16] "GET /admin/jsi18n/ HTTP/1.1" 200 8634
[04/Feb/2026 14:10:21] "POST /admin/core/user/7/change/ HTTP/1.1" 302 0
[04/Feb/2026 14:10:21] "GET /admin/core/user/ HTTP/1.1" 200 28114
[04/Feb/2026 14:10:21] "GET /admin/jsi18n/ HTTP/1.1" 200 8634
[04/Feb/2026 14:10:39] "POST /admin/logout/ HTTP/1.1" 302 0
[04/Feb/2026 14:10:39] "GET / HTTP/1.1" 200 7886
[04/Feb/2026 14:10:41] "GET /login/ HTTP/1.1" 200 6846
[04/Feb/2026 14:10:57] "POST /login/ HTTP/1.1" 200 7375
[04/Feb/2026 14:11:01] "GET /login/ HTTP/1.1" 200 6846
[04/Feb/2026 14:11:17] "POST /login/ HTTP/1.1" 200 7375
[04/Feb/2026 14:11:21] "GET /login/ HTTP/1.1" 200 6846
[04/Feb/2026 14:11:30] "POST /login/ HTTP/1.1" 200 7375
[04/Feb/2026 14:11:55] "POST /login/ HTTP/1.1" 302 0
[04/Feb/2026 14:11:56] "GET / HTTP/1.1" 200 13033
[04/Feb/2026 14:11:56] "GET /messagerie/api/nb-non-lus/ HTTP/1.1" 200 17
[04/Feb/2026 14:12:02] "GET /planning/ HTTP/1.1" 200 12484
[04/Feb/2026 14:12:03] "GET /planning/api/creneaux/?start=2026-02-02T00%3A00%3A00%2B01%3A00&end=2026-02-09T00%3A00%3A00%2B01%3A00 HTTP/1.1" 200 2
[04/Feb/2026 14:12:03] "GET /messagerie/api/nb-non-lus/ HTTP/1.1" 200 17
[04/Feb/2026 14:12:10] "GET /mds/mes-demi-journees/ HTTP/1.1" 302 0
[04/Feb/2026 14:12:10] "GET / HTTP/1.1" 200 13033
[04/Feb/2026 14:12:10] "GET /messagerie/api/nb-non-lus/ HTTP/1.1" 200 17
[04/Feb/2026 14:12:18] "GET /beneficiaire/ajouter/ HTTP/1.1" 200 19047
[04/Feb/2026 14:12:18] "GET /messagerie/api/nb-non-lus/ HTTP/1.1" 200 17
[04/Feb/2026 14:12:22] "GET / HTTP/1.1" 200 13033
[04/Feb/2026 14:12:22] "GET /messagerie/api/nb-non-lus/ HTTP/1.1" 200 17
[04/Feb/2026 14:12:23] "GET /mds/ HTTP/1.1" 200 13669
[04/Feb/2026 14:12:24] "GET /messagerie/api/nb-non-lus/ HTTP/1.1" 200 17
Internal Server Error: /mds/1/
Traceback (most recent call last):
  File "/srv/django/si-ditas/venv/lib/python3.13/site-packages/django/core/handlers/exception.py", line 55, in inner
    response = get_response(request)
  File "/srv/django/si-ditas/venv/lib/python3.13/site-packages/django/core/handlers/base.py", line 198, in _get_response
    response = wrapped_callback(request, *callback_args, **callback_kwargs)
  File "/srv/django/si-ditas/venv/lib/python3.13/site-packages/django/contrib/auth/decorators.py", line 59, in _view_wrapper
    return view_func(request, *args, **kwargs)
  File "/srv/django/si-ditas/mds/views/base_views.py", line 29, in detail_mds
    if not request.user.a_acces_mds(mds):
           ~~~~~~~~~~~~~~~~~~~~~~~~^^^^^
  File "/srv/django/si-ditas/core/models/user.py", line 194, in a_acces_mds
    self.services_secondaires.filter(mds=mds).exists())
    ~~~~~~~~~~~~~~~~~~~~~~~~~~~~~~~~^^^^^^^^^
  File "/srv/django/si-ditas/venv/lib/python3.13/site-packages/django/db/models/manager.py", line 87, in manager_method
    return getattr(self.get_queryset(), name)(*args, **kwargs)
           ~~~~~~~~~~~~~~~~~~~~~~~~~~~~~~~~~~^^^^^^^^^^^^^^^^^
  File "/srv/django/si-ditas/venv/lib/python3.13/site-packages/django/db/models/query.py", line 1542, in filter
    return self._filter_or_exclude(False, args, kwargs)
           ~~~~~~~~~~~~~~~~~~~~~~~^^^^^^^^^^^^^^^^^^^^^
  File "/srv/django/si-ditas/venv/lib/python3.13/site-packages/django/db/models/query.py", line 1560, in _filter_or_exclude
    clone._filter_or_exclude_inplace(negate, args, kwargs)
    ~~~~~~~~~~~~~~~~~~~~~~~~~~~~~~~~^^^^^^^^^^^^^^^^^^^^^^
  File "/srv/django/si-ditas/venv/lib/python3.13/site-packages/django/db/models/query.py", line 1570, in _filter_or_exclude_inplace
    self._query.add_q(Q(*args, **kwargs))
    ~~~~~~~~~~~~~~~~~^^^^^^^^^^^^^^^^^^^^
  File "/srv/django/si-ditas/venv/lib/python3.13/site-packages/django/db/models/sql/query.py", line 1671, in add_q
    clause, _ = self._add_q(q_object, can_reuse)
                ~~~~~~~~~~~^^^^^^^^^^^^^^^^^^^^^
  File "/srv/django/si-ditas/venv/lib/python3.13/site-packages/django/db/models/sql/query.py", line 1703, in _add_q
    child_clause, needed_inner = self.build_filter(
                                 ~~~~~~~~~~~~~~~~~^
        child,
        ^^^^^^
    ...<7 lines>...
        update_join_types=update_join_types,
        ^^^^^^^^^^^^^^^^^^^^^^^^^^^^^^^^^^^^
    )
    ^
  File "/srv/django/si-ditas/venv/lib/python3.13/site-packages/django/db/models/sql/query.py", line 1551, in build_filter
    lookups, parts, reffed_expression = self.solve_lookup_type(arg, summarize)
                                        ~~~~~~~~~~~~~~~~~~~~~~^^^^^^^^^^^^^^^^
  File "/srv/django/si-ditas/venv/lib/python3.13/site-packages/django/db/models/sql/query.py", line 1358, in solve_lookup_type
    _, field, _, lookup_parts = self.names_to_path(lookup_splitted, self.get_meta())
                                ~~~~~~~~~~~~~~~~~~^^^^^^^^^^^^^^^^^^^^^^^^^^^^^^^^^^
  File "/srv/django/si-ditas/venv/lib/python3.13/site-packages/django/db/models/sql/query.py", line 1832, in names_to_path
    raise FieldError(
    ...<2 lines>...
    )
django.core.exceptions.FieldError: Cannot resolve keyword 'mds' into field. Choices are: actif, adresse, agents_principaux, agents_secondaires, auditlog, code, commentaire, contact_email, contact_telephone, created_at, cree_par, cree_par_id, direction, id, modifie_par, modifie_par_id, nom, ordre, responsable_designation, service_parent, service_parent_id, services_enfants, type_service, updated_at
[04/Feb/2026 14:12:25] "GET /mds/1/ HTTP/1.1" 500 117180
Internal Server Error: /mds/1/
Traceback (most recent call last):
  File "/srv/django/si-ditas/venv/lib/python3.13/site-packages/django/core/handlers/exception.py", line 55, in inner
    response = get_response(request)
  File "/srv/django/si-ditas/venv/lib/python3.13/site-packages/django/core/handlers/base.py", line 198, in _get_response
    response = wrapped_callback(request, *callback_args, **callback_kwargs)
  File "/srv/django/si-ditas/venv/lib/python3.13/site-packages/django/contrib/auth/decorators.py", line 59, in _view_wrapper
    return view_func(request, *args, **kwargs)
  File "/srv/django/si-ditas/mds/views/base_views.py", line 29, in detail_mds
    if not request.user.a_acces_mds(mds):
           ~~~~~~~~~~~~~~~~~~~~~~~~^^^^^
  File "/srv/django/si-ditas/core/models/user.py", line 194, in a_acces_mds
    self.services_secondaires.filter(mds=mds).exists())
    ~~~~~~~~~~~~~~~~~~~~~~~~~~~~~~~~^^^^^^^^^
  File "/srv/django/si-ditas/venv/lib/python3.13/site-packages/django/db/models/manager.py", line 87, in manager_method
    return getattr(self.get_queryset(), name)(*args, **kwargs)
           ~~~~~~~~~~~~~~~~~~~~~~~~~~~~~~~~~~^^^^^^^^^^^^^^^^^
  File "/srv/django/si-ditas/venv/lib/python3.13/site-packages/django/db/models/query.py", line 1542, in filter
    return self._filter_or_exclude(False, args, kwargs)
           ~~~~~~~~~~~~~~~~~~~~~~~^^^^^^^^^^^^^^^^^^^^^
  File "/srv/django/si-ditas/venv/lib/python3.13/site-packages/django/db/models/query.py", line 1560, in _filter_or_exclude
    clone._filter_or_exclude_inplace(negate, args, kwargs)
    ~~~~~~~~~~~~~~~~~~~~~~~~~~~~~~~~^^^^^^^^^^^^^^^^^^^^^^
  File "/srv/django/si-ditas/venv/lib/python3.13/site-packages/django/db/models/query.py", line 1570, in _filter_or_exclude_inplace
    self._query.add_q(Q(*args, **kwargs))
    ~~~~~~~~~~~~~~~~~^^^^^^^^^^^^^^^^^^^^
  File "/srv/django/si-ditas/venv/lib/python3.13/site-packages/django/db/models/sql/query.py", line 1671, in add_q
    clause, _ = self._add_q(q_object, can_reuse)
                ~~~~~~~~~~~^^^^^^^^^^^^^^^^^^^^^
  File "/srv/django/si-ditas/venv/lib/python3.13/site-packages/django/db/models/sql/query.py", line 1703, in _add_q
    child_clause, needed_inner = self.build_filter(
                                 ~~~~~~~~~~~~~~~~~^
        child,
        ^^^^^^
    ...<7 lines>...
        update_join_types=update_join_types,
        ^^^^^^^^^^^^^^^^^^^^^^^^^^^^^^^^^^^^
    )
    ^
  File "/srv/django/si-ditas/venv/lib/python3.13/site-packages/django/db/models/sql/query.py", line 1551, in build_filter
    lookups, parts, reffed_expression = self.solve_lookup_type(arg, summarize)
                                        ~~~~~~~~~~~~~~~~~~~~~~^^^^^^^^^^^^^^^^
  File "/srv/django/si-ditas/venv/lib/python3.13/site-packages/django/db/models/sql/query.py", line 1358, in solve_lookup_type
    _, field, _, lookup_parts = self.names_to_path(lookup_splitted, self.get_meta())
                                ~~~~~~~~~~~~~~~~~~^^^^^^^^^^^^^^^^^^^^^^^^^^^^^^^^^^
  File "/srv/django/si-ditas/venv/lib/python3.13/site-packages/django/db/models/sql/query.py", line 1832, in names_to_path
    raise FieldError(
    ...<2 lines>...
    )
django.core.exceptions.FieldError: Cannot resolve keyword 'mds' into field. Choices are: actif, adresse, agents_principaux, agents_secondaires, auditlog, code, commentaire, contact_email, contact_telephone, created_at, cree_par, cree_par_id, direction, id, modifie_par, modifie_par_id, nom, ordre, responsable_designation, service_parent, service_parent_id, services_enfants, type_service, updated_at
Internal Server Error: /mds/1/
Traceback (most recent call last):
  File "/srv/django/si-ditas/venv/lib/python3.13/site-packages/django/core/handlers/exception.py", line 55, in inner
    response = get_response(request)
  File "/srv/django/si-ditas/venv/lib/python3.13/site-packages/django/core/handlers/base.py", line 198, in _get_response
    response = wrapped_callback(request, *callback_args, **callback_kwargs)
  File "/srv/django/si-ditas/venv/lib/python3.13/site-packages/django/contrib/auth/decorators.py", line 59, in _view_wrapper
    return view_func(request, *args, **kwargs)
  File "/srv/django/si-ditas/mds/views/base_views.py", line 29, in detail_mds
    if not request.user.a_acces_mds(mds):
           ~~~~~~~~~~~~~~~~~~~~~~~~^^^^^
  File "/srv/django/si-ditas/core/models/user.py", line 194, in a_acces_mds
    self.services_secondaires.filter(mds=mds).exists())
    ~~~~~~~~~~~~~~~~~~~~~~~~~~~~~~~~^^^^^^^^^
  File "/srv/django/si-ditas/venv/lib/python3.13/site-packages/django/db/models/manager.py", line 87, in manager_method
    return getattr(self.get_queryset(), name)(*args, **kwargs)
           ~~~~~~~~~~~~~~~~~~~~~~~~~~~~~~~~~~^^^^^^^^^^^^^^^^^
  File "/srv/django/si-ditas/venv/lib/python3.13/site-packages/django/db/models/query.py", line 1542, in filter
    return self._filter_or_exclude(False, args, kwargs)
           ~~~~~~~~~~~~~~~~~~~~~~~^^^^^^^^^^^^^^^^^^^^^
  File "/srv/django/si-ditas/venv/lib/python3.13/site-packages/django/db/models/query.py", line 1560, in _filter_or_exclude
    clone._filter_or_exclude_inplace(negate, args, kwargs)
    ~~~~~~~~~~~~~~~~~~~~~~~~~~~~~~~~^^^^^^^^^^^^^^^^^^^^^^
  File "/srv/django/si-ditas/venv/lib/python3.13/site-packages/django/db/models/query.py", line 1570, in _filter_or_exclude_inplace
    self._query.add_q(Q(*args, **kwargs))
    ~~~~~~~~~~~~~~~~~^^^^^^^^^^^^^^^^^^^^
  File "/srv/django/si-ditas/venv/lib/python3.13/site-packages/django/db/models/sql/query.py", line 1671, in add_q
    clause, _ = self._add_q(q_object, can_reuse)
                ~~~~~~~~~~~^^^^^^^^^^^^^^^^^^^^^
  File "/srv/django/si-ditas/venv/lib/python3.13/site-packages/django/db/models/sql/query.py", line 1703, in _add_q
    child_clause, needed_inner = self.build_filter(
                                 ~~~~~~~~~~~~~~~~~^
        child,
        ^^^^^^
    ...<7 lines>...
        update_join_types=update_join_types,
        ^^^^^^^^^^^^^^^^^^^^^^^^^^^^^^^^^^^^
    )
    ^
  File "/srv/django/si-ditas/venv/lib/python3.13/site-packages/django/db/models/sql/query.py", line 1551, in build_filter
    lookups, parts, reffed_expression = self.solve_lookup_type(arg, summarize)
                                        ~~~~~~~~~~~~~~~~~~~~~~^^^^^^^^^^^^^^^^
  File "/srv/django/si-ditas/venv/lib/python3.13/site-packages/django/db/models/sql/query.py", line 1358, in solve_lookup_type
    _, field, _, lookup_parts = self.names_to_path(lookup_splitted, self.get_meta())
                                ~~~~~~~~~~~~~~~~~~^^^^^^^^^^^^^^^^^^^^^^^^^^^^^^^^^^
  File "/srv/django/si-ditas/venv/lib/python3.13/site-packages/django/db/models/sql/query.py", line 1832, in names_to_path
    raise FieldError(
    ...<2 lines>...
    )
django.core.exceptions.FieldError: Cannot resolve keyword 'mds' into field. Choices are: actif, adresse, agents_principaux, agents_secondaires, auditlog, code, commentaire, contact_email, contact_telephone, created_at, cree_par, cree_par_id, direction, id, modifie_par, modifie_par_id, nom, ordre, responsable_designation, service_parent, service_parent_id, services_enfants, type_service, updated_at
[04/Feb/2026 14:12:44] "GET /mds/1/ HTTP/1.1" 500 117180
[04/Feb/2026 14:12:44] "GET /mds/1/ HTTP/1.1" 500 117180
[04/Feb/2026 14:14:08,313] - Broken pipe from ('87.88.184.253', 6928)
[04/Feb/2026 14:14:08,314] - Broken pipe from ('87.88.184.253', 6952)
Not Found: /example.com:443
[04/Feb/2026 15:24:38] "CONNECT example.com:443 HTTP/1.1" 404 1850
